// Jest Snapshot v1, https://goo.gl/fbAQLP

exports[`matches snapshot 1`] = `
<DocumentFragment>
  <div>
    Hello, World!
  </div>
</DocumentFragment>
`;

exports[`renders correctly 1`] = `
<div>
  Hello, 
  World
  !
</div>
`;
